#
# There is insufficient memory for the Java Runtime Environment to continue.
# Native memory allocation (mmap) failed to map 264241152 bytes. Error detail: G1 virtual space
# Possible reasons:
#   The system is out of physical RAM or swap space
#   This process is running with CompressedOops enabled, and the Java Heap may be blocking the growth of the native heap
# Possible solutions:
#   Reduce memory load on the system
#   Increase physical memory or swap space
#   Check if swap backing store is full
#   Decrease Java heap size (-Xmx/-Xms)
#   Decrease number of Java threads
#   Decrease Java thread stack sizes (-Xss)
#   Set larger code cache with -XX:ReservedCodeCacheSize=
#   JVM is running with Zero Based Compressed Oops mode in which the Java heap is
#     placed in the first 32GB address space. The Java Heap base address is the
#     maximum limit for the native heap growth. Please use -XX:HeapBaseMinAddress
#     to set the Java Heap base and to place the Java Heap above 32GB virtual address.
# This output file may be truncated or incomplete.
#
#  Out of Memory Error (os_windows.cpp:3631), pid=14980, tid=22784
#
# JRE version:  (22.0.1+8) (build )
# Java VM: Java HotSpot(TM) 64-Bit Server VM (22.0.1+8-16, mixed mode, sharing, tiered, compressed oops, compressed class ptrs, g1 gc, windows-amd64)
# No core dump will be written. Minidumps are not enabled by default on client versions of Windows
#

---------------  S U M M A R Y ------------

Command Line: -javaagent:C:\Users\JC\eclipse\java-2024-032\eclipse\configuration\org.eclipse.osgi\485\0\.cp\jacocoagent.jar=includes=*,excludes=,exclclassloader=sun.reflect.DelegatingClassLoader,output=tcpclient,port=50001 -ea -Dfile.encoding=UTF-8 -Dstdout.encoding=UTF-8 -Dstderr.encoding=UTF-8 -XX:+ShowCodeDetailsInExceptionMessages org.eclipse.jdt.internal.junit.runner.RemoteTestRunner -version 3 -port 50002 -testLoaderClass org.eclipse.jdt.internal.junit5.runner.JUnit5TestLoader -loaderpluginname org.eclipse.jdt.junit5.runtime -packageNameFile C:\Users\JC\AppData\Local\Temp\packageNames6956227628539079973.txt

Host: 12th Gen Intel(R) Core(TM) i7-1255U, 12 cores, 15G,  Windows 11 , 64 bit Build 26100 (10.0.26100.7019)
Time: Tue Dec  9 20:38:17 2025 South Africa Standard Time elapsed time: 0.029530 seconds (0d 0h 0m 0s)

---------------  T H R E A D  ---------------

Current thread (0x0000022a56b91990):  JavaThread "Unknown thread" [_thread_in_vm, id=22784, stack(0x0000008736200000,0x0000008736300000) (1024K)]

Stack: [0x0000008736200000,0x0000008736300000]
Native frames: (J=compiled Java code, j=interpreted, Vv=VM code, C=native code)
V  [jvm.dll+0x6e2279]  (no source info available)
V  [jvm.dll+0x874e33]  (no source info available)
V  [jvm.dll+0x87725e]  (no source info available)
V  [jvm.dll+0x877933]  (no source info available)
V  [jvm.dll+0x27fd76]  (no source info available)
V  [jvm.dll+0x6de915]  (no source info available)
V  [jvm.dll+0x6d341a]  (no source info available)
V  [jvm.dll+0x3589da]  (no source info available)
V  [jvm.dll+0x360f06]  (no source info available)
V  [jvm.dll+0x3b3e2e]  (no source info available)
V  [jvm.dll+0x3b40d8]  (no source info available)
V  [jvm.dll+0x32c59c]  (no source info available)
V  [jvm.dll+0x32d158]  (no source info available)
V  [jvm.dll+0x83ccdc]  (no source info available)
V  [jvm.dll+0x3c0d71]  (no source info available)
V  [jvm.dll+0x825ccc]  (no source info available)
V  [jvm.dll+0x45b8fe]  (no source info available)
V  [jvm.dll+0x45d781]  (no source info available)
C  [jli.dll+0x52a3]  (no source info available)
C  [ucrtbase.dll+0x37b0]  (no source info available)
C  [KERNEL32.DLL+0x2e8d7]  (no source info available)
C  [ntdll.dll+0x8c53c]  (no source info available)


---------------  P R O C E S S  ---------------

Threads class SMR info:
_java_thread_list=0x00007ffdd6ffb1c8, length=0, elements={
}

Java Threads: ( => current thread )
Total: 0

Other Threads:
  0x0000022a56bf9490 WorkerThread "GC Thread#0"                     [id=8172, stack(0x0000008736300000,0x0000008736400000) (1024K)]
  0x0000022a56c09f10 ConcurrentGCThread "G1 Main Marker"            [id=19364, stack(0x0000008736400000,0x0000008736500000) (1024K)]
  0x0000022a56c0bff0 WorkerThread "G1 Conc#0"                       [id=16872, stack(0x0000008736500000,0x0000008736600000) (1024K)]

[error occurred during error reporting (printing all threads), id 0xc0000005, EXCEPTION_ACCESS_VIOLATION (0xc0000005) at pc=0x00007ffdd674f367]
VM state: not at safepoint (not fully initialized)

VM Mutex/Monitor currently owned by a thread:  ([mutex/lock_event])
[0x00007ffdd707bcb8] Heap_lock - owner thread: 0x0000022a56b91990

Heap address: 0x0000000705000000, size: 4016 MB, Compressed Oops mode: Zero based, Oop shift amount: 3

CDS archive(s) mapped at: [0x0000000000000000-0x0000000000000000-0x0000000000000000), size 0, SharedBaseAddress: 0x0000000800000000, ArchiveRelocationMode: 1.
Narrow klass base: 0x0000000000000000, Narrow klass shift: 0, Narrow klass range: 0x0

GC Precious Log:
 CardTable entry size: 512
 Card Set container configuration: InlinePtr #cards 4 size 8 Array Of Cards #cards 16 size 48 Howl #buckets 8 coarsen threshold 3686 Howl Bitmap #cards 512 size 80 coarsen threshold 460 Card regions per heap region 1 cards per card region 4096

Heap:
 garbage-first heap   total reserved 4112384K, committed 0K, used 0K [0x0000000705000000, 0x0000000800000000)
  region size 2048K, 0 young (0K), 0 survivors (0K)

[error occurred during error reporting (printing heap information), id 0xc0000005, EXCEPTION_ACCESS_VIOLATION (0xc0000005) at pc=0x00007ffdd6b4e429]
GC Heap History (0 events):
No events

Dll operation events (1 events):
Event: 0.017 Loaded shared library C:\Program Files\Java\jdk-22\bin\java.dll

Deoptimization events (0 events):
No events

Classes loaded (0 events):
No events

Classes unloaded (0 events):
No events

Classes redefined (0 events):
No events

Internal exceptions (0 events):
No events

ZGC Phase Switch (0 events):
No events

VM Operations (0 events):
No events

Events (0 events):
No events


Dynamic libraries:
0x00007ff72c980000 - 0x00007ff72c990000 	C:\Program Files\Java\jdk-22\bin\javaw.exe
0x00007ffe65580000 - 0x00007ffe657e8000 	C:\WINDOWS\SYSTEM32\ntdll.dll
0x00007ffe64a80000 - 0x00007ffe64b49000 	C:\WINDOWS\System32\KERNEL32.DLL
0x00007ffe62e70000 - 0x00007ffe63268000 	C:\WINDOWS\System32\KERNELBASE.dll
0x00007ffe62760000 - 0x00007ffe628ab000 	C:\WINDOWS\System32\ucrtbase.dll
0x00007ffe58990000 - 0x00007ffe589a7000 	C:\Program Files\Java\jdk-22\bin\jli.dll
0x00007ffe50c30000 - 0x00007ffe50c4b000 	C:\Program Files\Java\jdk-22\bin\VCRUNTIME140.dll
0x00007ffe64cf0000 - 0x00007ffe64da4000 	C:\WINDOWS\System32\ADVAPI32.dll
0x00007ffe63320000 - 0x00007ffe633c9000 	C:\WINDOWS\System32\msvcrt.dll
0x00007ffe64b50000 - 0x00007ffe64bf6000 	C:\WINDOWS\System32\sechost.dll
0x00007ffe651f0000 - 0x00007ffe65308000 	C:\WINDOWS\System32\RPCRT4.dll
0x00007ffe65370000 - 0x00007ffe65537000 	C:\WINDOWS\System32\USER32.dll
0x00007ffe62cd0000 - 0x00007ffe62cf7000 	C:\WINDOWS\System32\win32u.dll
0x00007ffe3f160000 - 0x00007ffe3f3f4000 	C:\WINDOWS\WinSxS\amd64_microsoft.windows.common-controls_6595b64144ccf1df_6.0.26100.7019_none_3e06ffa0e335b8a8\COMCTL32.dll
0x00007ffe633d0000 - 0x00007ffe633fb000 	C:\WINDOWS\System32\GDI32.dll
0x00007ffe62ba0000 - 0x00007ffe62ccc000 	C:\WINDOWS\System32\gdi32full.dll
0x00007ffe63270000 - 0x00007ffe63313000 	C:\WINDOWS\System32\msvcp_win.dll
0x00007ffe4f860000 - 0x00007ffe4f86b000 	C:\WINDOWS\SYSTEM32\VERSION.dll
0x00007ffe643b0000 - 0x00007ffe643e1000 	C:\WINDOWS\System32\IMM32.DLL
0x00007ffe58a80000 - 0x00007ffe58a8c000 	C:\Program Files\Java\jdk-22\bin\vcruntime140_1.dll
0x00007ffe3eda0000 - 0x00007ffe3ee2e000 	C:\Program Files\Java\jdk-22\bin\msvcp140.dll
0x00007ffdd6410000 - 0x00007ffdd7157000 	C:\Program Files\Java\jdk-22\bin\server\jvm.dll
0x00007ffe64c70000 - 0x00007ffe64ce4000 	C:\WINDOWS\System32\WS2_32.dll
0x00007ffe555c0000 - 0x00007ffe555f5000 	C:\WINDOWS\SYSTEM32\WINMM.dll
0x00007ffe62530000 - 0x00007ffe6258e000 	C:\WINDOWS\SYSTEM32\POWRPROF.dll
0x00007ffe62510000 - 0x00007ffe62524000 	C:\WINDOWS\SYSTEM32\UMPDC.dll
0x00007ffe61450000 - 0x00007ffe6146b000 	C:\WINDOWS\SYSTEM32\kernel.appcore.dll
0x00007ffe486f0000 - 0x00007ffe486fa000 	C:\Program Files\Java\jdk-22\bin\jimage.dll
0x00007ffe5fdf0000 - 0x00007ffe60032000 	C:\WINDOWS\SYSTEM32\DBGHELP.DLL
0x00007ffe63400000 - 0x00007ffe6378b000 	C:\WINDOWS\System32\combase.dll
0x00007ffe64f70000 - 0x00007ffe65047000 	C:\WINDOWS\System32\OLEAUT32.dll
0x00007ffe32390000 - 0x00007ffe323cc000 	C:\WINDOWS\SYSTEM32\dbgcore.DLL
0x00007ffe62970000 - 0x00007ffe62a15000 	C:\WINDOWS\System32\bcryptPrimitives.dll
0x00007ffe589b0000 - 0x00007ffe589bf000 	C:\Program Files\Java\jdk-22\bin\instrument.dll
0x00007ffe42d00000 - 0x00007ffe42d1e000 	C:\Program Files\Java\jdk-22\bin\java.dll
0x00007ffe63840000 - 0x00007ffe63f8f000 	C:\WINDOWS\System32\SHELL32.dll
0x00007ffe62d00000 - 0x00007ffe62e6b000 	C:\WINDOWS\System32\wintypes.dll
0x00007ffe64db0000 - 0x00007ffe64f47000 	C:\WINDOWS\System32\ole32.dll

dbghelp: loaded successfully - version: 4.0.5 - missing functions: none
symbol engine: initialized successfully - sym options: 0x614 - pdb path: .;C:\Program Files\Java\jdk-22\bin;C:\WINDOWS\SYSTEM32;C:\WINDOWS\WinSxS\amd64_microsoft.windows.common-controls_6595b64144ccf1df_6.0.26100.7019_none_3e06ffa0e335b8a8;C:\Program Files\Java\jdk-22\bin\server

VM Arguments:
jvm_args: -javaagent:C:\Users\JC\eclipse\java-2024-032\eclipse\configuration\org.eclipse.osgi\485\0\.cp\jacocoagent.jar=includes=*,excludes=,exclclassloader=sun.reflect.DelegatingClassLoader,output=tcpclient,port=50001 -ea -Dfile.encoding=UTF-8 -Dstdout.encoding=UTF-8 -Dstderr.encoding=UTF-8 -XX:+ShowCodeDetailsInExceptionMessages 
java_command: org.eclipse.jdt.internal.junit.runner.RemoteTestRunner -version 3 -port 50002 -testLoaderClass org.eclipse.jdt.internal.junit5.runner.JUnit5TestLoader -loaderpluginname org.eclipse.jdt.junit5.runtime -packageNameFile C:\Users\JC\AppData\Local\Temp\packageNames6956227628539079973.txt
java_class_path (initial): C:\Users\JC\eclipse-workspace\final_try\target\test-classes;C:\Users\JC\eclipse-workspace\final_try\target\classes;C:\Users\JC\.p2\pool\plugins\junit-jupiter-api_5.10.2.jar;C:\Users\JC\.p2\pool\plugins\junit-jupiter-engine_5.10.2.jar;C:\Users\JC\.p2\pool\plugins\junit-jupiter-migrationsupport_5.10.2.jar;C:\Users\JC\.p2\pool\plugins\junit-jupiter-params_5.10.2.jar;C:\Users\JC\.p2\pool\plugins\junit-platform-commons_1.10.2.jar;C:\Users\JC\.p2\pool\plugins\junit-platform-engine_1.10.2.jar;C:\Users\JC\.p2\pool\plugins\junit-platform-launcher_1.10.2.jar;C:\Users\JC\.p2\pool\plugins\junit-platform-runner_1.10.2.jar;C:\Users\JC\.p2\pool\plugins\junit-platform-suite-api_1.10.2.jar;C:\Users\JC\.p2\pool\plugins\junit-platform-suite-engine_1.10.2.jar;C:\Users\JC\.p2\pool\plugins\junit-platform-suite-commons_1.10.2.jar;C:\Users\JC\.p2\pool\plugins\junit-vintage-engine_5.10.2.jar;C:\Users\JC\.p2\pool\plugins\org.opentest4j_1.3.0.jar;C:\Users\JC\.p2\pool\plugins\org.apiguardian.api_1.1.2.jar;C:\Users\JC\.p2\pool\plugins\org.junit_4.13.2.v20230809-1000.jar;C:\Users\JC\.p2\pool\plugins\org.hamcrest_2.2.0.jar;C:\Users\JC\.p2\pool\plugins\org.hamcrest.core_2.2.0.v20230809-1000.jar;C:\Users\JC\.m2\repository\org\junit\jupiter\junit-jupiter\5.11.3\junit-jupiter-5.11.3.jar;C:\Users\JC\.m2\repository\org\junit\jupiter\junit-jupiter-api\5.11.3\junit-jupiter-api-5.11.3.jar;C:\Users\JC\.m2\repository\org\opentest4j\opentest4j\1.3.0\opentest4j-1.3.0.jar;C:\Users\JC\.m2\repository\org\junit\platform\junit-platform-commons\1.11.3\junit-platform-commons-1.11.3.jar;C:\Users\JC\.m2\repository\org\apiguardian\apiguardian-api\1.1.2\apiguardian-api-1.1.2.jar;C:\Users\JC\.m2\repository\org\junit\jupiter\junit-jupiter-params\5.11.3\junit-jupiter-params-5.11.3.jar;C:\Users\JC\.m2\repository\org\junit\jupiter\junit-jupiter-engine\5.11.3\junit-jupiter-engine-5.11.3.jar;C:\Users\JC\.m2\repository\org\junit\platform\junit-platform-engine\1.11.3\junit-platform-engine-1.11.3.jar;C:\Users\JC\.m2\repository\org\mockito\mockito-core\5.20.0\mockito-core-5.20.0.jar;C:\Users\JC\.m2\repository\net\bytebuddy\byte-buddy\1.17.7\byte-buddy-1.17.7.jar;C:\Users\JC\.m2\repository\net\bytebuddy\byte-buddy-agent\1.17.7\byte-buddy-agent-1.17.7.jar;C:\Users\JC\.m2\repository\org\objenesis\objenesis\3.3\objenesis-3.3.jar;C:\Users\JC\.m2\repository\org\mockito\mockito-junit-jupiter\5.20.0\mockito-junit-jupiter-5.20.0.jar;C:\Users\JC\.m2\repository\com\sun\mail\jakarta.mail\2.0.1\jakarta.mail-2.0.1.jar;C:\Users\JC\.m2\repository\com\sun\activation\jakarta.activation\2.0.1\jakarta.activation-2.0.1.jar;C:\Users\JC\.m2\repository\io\github\cdimascio\dotenv-java\3.0.0\dotenv-java-3.0.0.jar;C:\Users\JC\.m2\repository\org\mindrot\jbcrypt\0.4\jbcrypt-0.4.jar;C:\Users\JC\.m2\repository\org\junit\platform\junit-platform-launcher\1.11.3\junit-platform-launcher-1.11.3.jar;C:\Users\JC\eclipse\java-2024-032\eclipse\configuration\org.eclipse.osgi\250\0\.cp;C:\Users\JC\eclipse\java-2024-032\eclipse\configuration\org.eclipse.osgi\248\0\.cp
Launcher Type: SUN_STANDARD

[Global flags]
     intx CICompilerCount                          = 4                                         {product} {ergonomic}
     uint ConcGCThreads                            = 3                                         {product} {ergonomic}
     uint G1ConcRefinementThreads                  = 10                                        {product} {ergonomic}
   size_t G1HeapRegionSize                         = 2097152                                   {product} {ergonomic}
   size_t InitialHeapSize                          = 264241152                                 {product} {ergonomic}
   size_t MarkStackSize                            = 4194304                                   {product} {ergonomic}
   size_t MaxHeapSize                              = 4211081216                                {product} {ergonomic}
   size_t MinHeapDeltaBytes                        = 2097152                                   {product} {ergonomic}
   size_t MinHeapSize                              = 8388608                                   {product} {ergonomic}
    uintx NonNMethodCodeHeapSize                   = 5839372                                {pd product} {ergonomic}
    uintx NonProfiledCodeHeapSize                  = 122909434                              {pd product} {ergonomic}
    uintx ProfiledCodeHeapSize                     = 122909434                              {pd product} {ergonomic}
    uintx ReservedCodeCacheSize                    = 251658240                              {pd product} {ergonomic}
     bool SegmentedCodeCache                       = true                                      {product} {ergonomic}
     bool ShowCodeDetailsInExceptionMessages       = true                                   {manageable} {command line}
   size_t SoftMaxHeapSize                          = 4211081216                             {manageable} {ergonomic}
     bool UseCompressedOops                        = true                           {product lp64_product} {ergonomic}
     bool UseG1GC                                  = true                                      {product} {ergonomic}
     bool UseLargePagesIndividualAllocation        = false                                  {pd product} {ergonomic}

Logging:
Log output configuration:
 #0: stdout all=warning uptime,level,tags foldmultilines=false
 #1: stderr all=off uptime,level,tags foldmultilines=false

Environment Variables:
JAVA_HOME=C:\Program Files\Java\jdk-22\bin
PATH=C:/Users/JC/.p2/pool/plugins/org.eclipse.justj.openjdk.hotspot.jre.full.win32.x86_64_22.0.0.v20240322-1225/jre/bin/server;C:/Users/JC/.p2/pool/plugins/org.eclipse.justj.openjdk.hotspot.jre.full.win32.x86_64_22.0.0.v20240322-1225/jre/bin;C:\Program Files\Eclipse Adoptium\jdk-11.0.29.7-hotspot\bin;C:\Program Files\Eclipse Adoptium\jdk-11.0.29.7-hotspot\bin;C:\Program Files\Common Files\Oracle\Java\javapath;C:\WINDOWS\system32;C:\WINDOWS;C:\WINDOWS\System32\Wbem;C:\WINDOWS\System32\WindowsPowerShell\v1.0\;C:\WINDOWS\System32\OpenSSH\;C:\Program Files\Microsoft SQL Server\150\Tools\Binn\;C:\Program Files\dotnet\;C:\Program Files\Git\cmd;C:\mavenf\apache-maven-3.9.11\bin;C:\Users\JC\Downloads\apache-maven-3.9.11-bin (1)\apache-maven-3.9.11\bin;C:\Users\JC\AppData\Local\Microsoft\WindowsApps;C:\Program Files\Java\jdk-22\bin;C:\Users\JC\Desktop\opencv\build\x64\vc16\bin;;C:\Program Files\JetBrains\IntelliJ IDEA 2025.1\bin;;C:\xampp\php;C:\Users\JC\AppData\Local\ComposerSetup\bin;C:\Users\JC\AppData\Roaming\Composer\vendor\bin;C:\WINDOWS\System32;
USERNAME=JC
OS=Windows_NT
PROCESSOR_IDENTIFIER=Intel64 Family 6 Model 154 Stepping 4, GenuineIntel
TMP=C:\Users\JC\AppData\Local\Temp
TEMP=C:\Users\JC\AppData\Local\Temp




Periodic native trim disabled

---------------  S Y S T E M  ---------------

OS:
 Windows 11 , 64 bit Build 26100 (10.0.26100.7019)
OS uptime: 5 days 2:15 hours
Hyper-V role detected

CPU: total 12 (initial active 12) (6 cores per cpu, 2 threads per core) family 6 model 154 stepping 4 microcode 0x437, cx8, cmov, fxsr, ht, mmx, 3dnowpref, sse, sse2, sse3, ssse3, sse4.1, sse4.2, popcnt, lzcnt, tsc, tscinvbit, avx, avx2, aes, erms, clmul, bmi1, bmi2, adx, sha, fma, vzeroupper, clflush, clflushopt, clwb, hv, serialize, rdtscp, rdpid, fsrm, f16c, cet_ibt, cet_ss
Processor Information for processor 0
  Max Mhz: 1700, Current Mhz: 1700, Mhz Limit: 1700
Processor Information for processor 1
  Max Mhz: 1700, Current Mhz: 1700, Mhz Limit: 1700
Processor Information for processor 2
  Max Mhz: 1700, Current Mhz: 1457, Mhz Limit: 1700
Processor Information for processor 3
  Max Mhz: 1700, Current Mhz: 1700, Mhz Limit: 1700
Processor Information for processor 4
  Max Mhz: 1700, Current Mhz: 1200, Mhz Limit: 1190
Processor Information for processor 5
  Max Mhz: 1700, Current Mhz: 1200, Mhz Limit: 1190
Processor Information for processor 6
  Max Mhz: 1700, Current Mhz: 1200, Mhz Limit: 1190
Processor Information for processor 7
  Max Mhz: 1700, Current Mhz: 1200, Mhz Limit: 1190
Processor Information for processor 8
  Max Mhz: 1700, Current Mhz: 1200, Mhz Limit: 1190
Processor Information for processor 9
  Max Mhz: 1700, Current Mhz: 1200, Mhz Limit: 1190
Processor Information for processor 10
  Max Mhz: 1700, Current Mhz: 1200, Mhz Limit: 1190
Processor Information for processor 11
  Max Mhz: 1700, Current Mhz: 1200, Mhz Limit: 1190

Memory: 4k page, system-wide physical 16057M (3535M free)
TotalPageFile size 18089M (AvailPageFile size 241M)
current process WorkingSet (physical memory assigned to process): 14M, peak: 14M
current process commit charge ("private bytes"): 65M, peak: 316M

vm_info: Java HotSpot(TM) 64-Bit Server VM (22.0.1+8-16) for windows-amd64 JRE (22.0.1+8-16), built on 2024-03-12T10:33:16Z by "mach5one" with MS VC++ 17.6 (VS2022)

END.
